Flutter crash report.
Please report a bug at https://github.com/flutter/flutter/issues.

## command

flutter run

## exception

RPCError: ext.flutter.profileWidgetBuilds: (-32603) Unexpected DWDS error for callServiceExtension: WipError -32000 Promise was collected

```
#0      new _OutstandingRequest (package:vm_service/src/vm_service.dart:268:34)
#1      VmService._call.<anonymous closure> (package:vm_service/src/vm_service.dart:1950:25)
#2      VmService._call (package:vm_service/src/vm_service.dart:1962:8)
#3      VmService.callServiceExtension (package:vm_service/src/vm_service.dart:1901:14)
#4      FlutterVmService._checkedCallServiceExtension (package:flutter_tools/src/vmservice.dart:771:28)
#5      FlutterVmService.invokeFlutterExtensionRpcRaw (package:flutter_tools/src/vmservice.dart:790:49)
#6      FlutterVmService._flutterToggle (package:flutter_tools/src/vmservice.dart:636:21)
<asynchronous suspension>
#7      ResidentHandlers.debugToggleProfileWidgetBuilds (package:flutter_tools/src/resident_runner.dart:779:9)
<asynchronous suspension>
#8      TerminalHandler.processTerminalInput (package:flutter_tools/src/resident_runner.dart:1805:7)
<asynchronous suspension>
```

## flutter doctor

```
[32m[✓][39m Flutter (Channel stable, 3.44.0, on Microsoft Windows [Version 10.0.26200.8457], locale tr-TR) [147ms]
    [32m•[39m Flutter version 3.44.0 on channel stable at C:\src\flutter
    [32m•[39m Upstream repository https://github.com/flutter/flutter.git
    [32m•[39m Framework revision 559ffa3f75 (8 days ago), 2026-05-15 14:13:13 -0700
    [32m•[39m Engine revision 4c525dac5e
    [32m•[39m Dart version 3.12.0
    [32m•[39m DevTools version 2.57.0
    [32m•[39m Feature flags: enable-web, enable-linux-desktop, enable-macos-desktop, enable-windows-desktop, enable-android,
      enable-ios, cli-animations, enable-native-assets, enable-swift-package-manager, omit-legacy-version-file,
      enable-lldb-debugging, enable-uiscene-migration

[32m[✓][39m Windows Version (Windows 11 or higher, 25H2, 2009) [467ms]

[32m[✓][39m Android toolchain - develop for Android devices (Android SDK version 36.1.0) [1.616ms]
    [32m•[39m Android SDK at C:\Users\Furkan\AppData\Local\Android\Sdk
    [32m•[39m Emulator version 36.5.11.0 (build_id 15261927) (CL:N/A)
    [32m•[39m Platform android-36.1, build-tools 36.1.0
    [32m•[39m ANDROID_HOME = C:\Users\Furkan\AppData\Local\Android\Sdk
    [32m•[39m Java binary at: C:\Program Files\Android\Android Studio\jbr\bin\java
      This is the JDK bundled with the latest Android Studio installation on this machine.
      To manually set the JDK path, use: `flutter config --jdk-dir="path/to/jdk"`.
    [32m•[39m Java version OpenJDK Runtime Environment (build 21.0.10+-14961533-b1163.108)
    [32m•[39m All Android licenses accepted.

[31m[✗][39m Chrome - develop for the web (Cannot find Chrome executable at .\Google\Chrome\Application\chrome.exe) [5ms]
    [33m![39m Cannot find Chrome. Try setting CHROME_EXECUTABLE to a Chrome executable.

[31m[✗][39m Visual Studio - develop Windows apps [4ms]
    [31m✗[39m Visual Studio not installed; this is necessary to develop Windows apps.
      Download at https://visualstudio.microsoft.com/downloads/.
      Please install the "Desktop development with C++" workload, including all of its default components

[32m[✓][39m Connected device (3 available) [196ms]
    [32m•[39m sdk gphone16k x86 64 (mobile) • emulator-5554 • android-x64    • Android 17 (API 37) (emulator)
    [32m•[39m Windows (desktop)             • windows       • windows-x64    • Microsoft Windows [Version 10.0.26200.8457]
    [32m•[39m Edge (web)                    • edge          • web-javascript • Microsoft Edge 148.0.3967.83

[33m[!][39m Network resources [414ms]
    [31m✗[39m A cryptographic error occurred while checking "https://github.com/": Handshake error in client
      You may be experiencing a man-in-the-middle attack, your network may be compromised, or you may have malware
      installed on your computer.

[33m![39m Doctor found issues in 3 categories.
```
